// Jest Snapshot v1, https://goo.gl/fbAQLP

exports[`Form should render correctly 1`] = `
<form
  onSubmit={[Function]}
>
  <div />
</form>
`;
