// Jest Snapshot v1, https://goo.gl/fbAQLP

exports[`Input should render correctly 1`] = `
<input
  className="input"
  name="input-name"
  onChange={[Function]}
  placeholder="This is the placeholder"
  required={true}
  type="text"
  value="A value"
/>
`;
